
> build
> vite build

[36mvite v5.4.21 [32mbuilding for production...[36m[39m
transforming...
[32mÔ£ô[39m 7 modules transformed.
node.exe : 
[31mx[39m Build 
failed in 5.47s
At line:1 char:1
+ & "C:\Program Files
\nodejs/node.exe" 
"C:\Program 
Files\nodejs/node_mo 
...
+ ~~~~~~~~~~~~~~~~~~~
~~~~~~~~~~~~~~~~~~~~~
~~~~~~~~~~~~~~~~~~~~~
~~~~~~~~
    + CategoryInfo   
           : NotSpe  
  cified: ([31mx   
 [39m Build faile    
d in 5.47s:Strin    
g) [], RemoteExc    
eption
    + FullyQualified 
   ErrorId : Native  
  CommandError
 
[31merror during 
build:
[31m[vite:css] 
[postcss] C:/Users/su
hai/.gemini/antigravi
ty/scratch/smartwatch
-store/src/index.css:
3:1: The 
`bg-primary` class 
does not exist. If 
`bg-primary` is a 
custom class, make 
sure it is defined 
within a `@layer` 
directive.[31m
file: [36mC:/Users/s
uhai/.gemini/antigrav
ity/scratch/smartwatc
h-store/src/index.css
:3:0[31m
    at Input.error (C
:\Users\suhai\.gemini
\antigravity\scratch\
smartwatch-store\node
_modules\postcss\lib\
input.js:135:16)
    at AtRule.error (
C:\Users\suhai\.gemin
i\antigravity\scratch
\smartwatch-store\nod
e_modules\postcss\lib
\node.js:146:32)
    at processApply (
C:\Users\suhai\.gemin
i\antigravity\scratch
\smartwatch-store\nod
e_modules\tailwindcss
\lib\lib\expandApplyA
tRules.js:380:29)
    at C:\Users\suhai
\.gemini\antigravity\
scratch\smartwatch-st
ore\node_modules\tail
windcss\lib\lib\expan
dApplyAtRules.js:551:
9
    at C:\Users\suhai
\.gemini\antigravity\
scratch\smartwatch-st
ore\node_modules\tail
windcss\lib\processTa
ilwindFeatures.js:55:
50
    at async plugins 
(C:\Users\suhai\.gemi
ni\antigravity\scratc
h\smartwatch-store\no
de_modules\tailwindcs
s\lib\plugin.js:38:17
)
    at async 
LazyResult.runAsync (
C:\Users\suhai\.gemin
i\antigravity\scratch
\smartwatch-store\nod
e_modules\postcss\lib
\lazy-result.js:293:1
1)
    at async 
compileCSS (file:///C
:/Users/suhai/.gemini
/antigravity/scratch/
smartwatch-store/node
_modules/vite/dist/no
de/chunks/dep-BK3b2jB
a.js:36898:21)
    at async 
Object.transform (fil
e:///C:/Users/suhai/.
gemini/antigravity/sc
ratch/smartwatch-stor
e/node_modules/vite/d
ist/node/chunks/dep-B
K3b2jBa.js:36171:11)
    at async 
transform (file:///C:
/Users/suhai/.gemini/
antigravity/scratch/s
martwatch-store/node_
modules/rollup/dist/e
s/shared/node-entry.j
s:21163:16)[39m
